Password:
Tag : test
Système détecté : Mac 
 Démarrage de l'installation Mac
Commande exécutée avec succès : cd /Users/micronov/Desktop && curl -L -O https://github.com/glpi-project/glpi-agent/releases/download/1.17/GLPI-Agent-1.17_x86_64.pkg && sudo installer -verbose -pkg /Users/micronov/Desktop/GLPI-Agent-1.17_x86_64.pkg -target /Applications
Fichier créé : /Applications/GLPI-Agent/etc/conf.d/glpi.cfg
Erreur lors de l'installation : Command 'sudo launchctl start org.glpi-project.glpi-agent && sudo /Applications/GLPI-Agent/bin/glpi-agent' returned non-zero exit status 3.Système détecté : Mac 
 Démarrage de l'installation Mac
Password:

Commande exécutée avec succès : cd /Users/micronov/Desktop && curl -L -O https://github.com/glpi-project/glpi-agent/releases/download/1.17/GLPI-Agent-1.17_x86_64.pkg && sudo installer -verbose -pkg /Users/micronov/Desktop/GLPI-Agent-1.17_x86_64.pkg -target /Applications
Traceback (most recent call last):
  File "test-glpi-mac.py", line 67, in <module>
    main()
  File "test-glpi-mac.py", line 62, in main
    install_glpi_mac()
  File "test-glpi-mac.py", line 36, in install_glpi_mac
    with open(path_config, "w") as config_file :
PermissionError: [Errno 13] Permission denied: '/Applications/GLPI-Agent/etc/conf.d/glpi.cfg'
